[2025-04-29 09:51:59] local.ERROR: Target class [App\Http\Controllers\SaveFixedAtEndController] does not exist. {"exception":"[object] (Illuminate\\Contracts\\Container\\BindingResolutionException(code: 0): Target class [App\\Http\\Controllers\\SaveFixedAtEndController] does not exist. at /media/salah/Software/projects/veroo/vendor/laravel/framework/src/Illuminate/Container/Container.php:811)
[stacktrace]
#0 /media/salah/Software/projects/veroo/vendor/laravel/framework/src/Illuminate/Container/Container.php(691): Illuminate\\Container\\Container->build()
#1 /media/salah/Software/projects/veroo/vendor/laravel/framework/src/Illuminate/Foundation/Application.php(796): Illuminate\\Container\\Container->resolve()
#2 /media/salah/Software/projects/veroo/vendor/laravel/framework/src/Illuminate/Container/Container.php(637): Illuminate\\Foundation\\Application->resolve()
#3 /media/salah/Software/projects/veroo/vendor/laravel/framework/src/Illuminate/Foundation/Application.php(781): Illuminate\\Container\\Container->make()
#4 /media/salah/Software/projects/veroo/vendor/laravel/framework/src/Illuminate/Routing/Route.php(253): Illuminate\\Foundation\\Application->make()
#5 /media/salah/Software/projects/veroo/vendor/laravel/framework/src/Illuminate/Routing/Route.php(970): Illuminate\\Routing\\Route->getController()
#6 /media/salah/Software/projects/veroo/vendor/laravel/framework/src/Illuminate/Routing/Route.php(931): Illuminate\\Routing\\Route->controllerMiddleware()
#7 /media/salah/Software/projects/veroo/vendor/laravel/framework/src/Illuminate/Routing/Router.php(702): Illuminate\\Routing\\Route->gatherMiddleware()
#8 /media/salah/Software/projects/veroo/vendor/laravel/framework/src/Illuminate/Foundation/Console/RouteListCommand.php(173): Illuminate\\Routing\\Router->gatherRouteMiddleware()
#9 /media/salah/Software/projects/veroo/vendor/laravel/framework/src/Illuminate/Foundation/Console/RouteListCommand.php(117): Illuminate\\Foundation\\Console\\RouteListCommand->getMiddleware()
#10 /media/salah/Software/projects/veroo/vendor/laravel/framework/src/Illuminate/Foundation/Console/RouteListCommand.php(89): Illuminate\\Foundation\\Console\\RouteListCommand->getRouteInformation()
#11 [internal function]: Illuminate\\Foundation\\Console\\RouteListCommand->Illuminate\\Foundation\\Console\\{closure}()
#12 /media/salah/Software/projects/veroo/vendor/laravel/framework/src/Illuminate/Support/Collection.php(638): array_map()
#13 /media/salah/Software/projects/veroo/vendor/laravel/framework/src/Illuminate/Foundation/Console/RouteListCommand.php(90): Illuminate\\Support\\Collection->map()
#14 /media/salah/Software/projects/veroo/vendor/laravel/framework/src/Illuminate/Foundation/Console/RouteListCommand.php(74): Illuminate\\Foundation\\Console\\RouteListCommand->getRoutes()
#15 /media/salah/Software/projects/veroo/vendor/laravel/framework/src/Illuminate/Container/BoundMethod.php(36): Illuminate\\Foundation\\Console\\RouteListCommand->handle()
#16 /media/salah/Software/projects/veroo/vendor/laravel/framework/src/Illuminate/Container/Util.php(37): Illuminate\\Container\\BoundMethod::Illuminate\\Container\\{closure}()
#17 /media/salah/Software/projects/veroo/vendor/laravel/framework/src/Illuminate/Container/BoundMethod.php(93): Illuminate\\Container\\Util::unwrapIfClosure()
#18 /media/salah/Software/projects/veroo/vendor/laravel/framework/src/Illuminate/Container/BoundMethod.php(37): Illuminate\\Container\\BoundMethod::callBoundMethod()
#19 /media/salah/Software/projects/veroo/vendor/laravel/framework/src/Illuminate/Container/Container.php(596): Illuminate\\Container\\BoundMethod::call()
#20 /media/salah/Software/projects/veroo/vendor/laravel/framework/src/Illuminate/Console/Command.php(134): Illuminate\\Container\\Container->call()
#21 /media/salah/Software/projects/veroo/vendor/symfony/console/Command/Command.php(298): Illuminate\\Console\\Command->execute()
#22 /media/salah/Software/projects/veroo/vendor/laravel/framework/src/Illuminate/Console/Command.php(121): Symfony\\Component\\Console\\Command\\Command->run()
#23 /media/salah/Software/projects/veroo/vendor/symfony/console/Application.php(1040): Illuminate\\Console\\Command->run()
#24 /media/salah/Software/projects/veroo/vendor/symfony/console/Application.php(301): Symfony\\Component\\Console\\Application->doRunCommand()
#25 /media/salah/Software/projects/veroo/vendor/symfony/console/Application.php(171): Symfony\\Component\\Console\\Application->doRun()
#26 /media/salah/Software/projects/veroo/vendor/laravel/framework/src/Illuminate/Console/Application.php(93): Symfony\\Component\\Console\\Application->run()
#27 /media/salah/Software/projects/veroo/vendor/laravel/framework/src/Illuminate/Foundation/Console/Kernel.php(129): Illuminate\\Console\\Application->run()
#28 /media/salah/Software/projects/veroo/artisan(37): Illuminate\\Foundation\\Console\\Kernel->handle()
#29 {main}

[previous exception] [object] (ReflectionException(code: -1): Class App\\Http\\Controllers\\SaveFixedAtEndController does not exist at /media/salah/Software/projects/veroo/vendor/laravel/framework/src/Illuminate/Container/Container.php:809)
[stacktrace]
#0 /media/salah/Software/projects/veroo/vendor/laravel/framework/src/Illuminate/Container/Container.php(809): ReflectionClass->__construct()
#1 /media/salah/Software/projects/veroo/vendor/laravel/framework/src/Illuminate/Container/Container.php(691): Illuminate\\Container\\Container->build()
#2 /media/salah/Software/projects/veroo/vendor/laravel/framework/src/Illuminate/Foundation/Application.php(796): Illuminate\\Container\\Container->resolve()
#3 /media/salah/Software/projects/veroo/vendor/laravel/framework/src/Illuminate/Container/Container.php(637): Illuminate\\Foundation\\Application->resolve()
#4 /media/salah/Software/projects/veroo/vendor/laravel/framework/src/Illuminate/Foundation/Application.php(781): Illuminate\\Container\\Container->make()
#5 /media/salah/Software/projects/veroo/vendor/laravel/framework/src/Illuminate/Routing/Route.php(253): Illuminate\\Foundation\\Application->make()
#6 /media/salah/Software/projects/veroo/vendor/laravel/framework/src/Illuminate/Routing/Route.php(970): Illuminate\\Routing\\Route->getController()
#7 /media/salah/Software/projects/veroo/vendor/laravel/framework/src/Illuminate/Routing/Route.php(931): Illuminate\\Routing\\Route->controllerMiddleware()
#8 /media/salah/Software/projects/veroo/vendor/laravel/framework/src/Illuminate/Routing/Router.php(702): Illuminate\\Routing\\Route->gatherMiddleware()
#9 /media/salah/Software/projects/veroo/vendor/laravel/framework/src/Illuminate/Foundation/Console/RouteListCommand.php(173): Illuminate\\Routing\\Router->gatherRouteMiddleware()
#10 /media/salah/Software/projects/veroo/vendor/laravel/framework/src/Illuminate/Foundation/Console/RouteListCommand.php(117): Illuminate\\Foundation\\Console\\RouteListCommand->getMiddleware()
#11 /media/salah/Software/projects/veroo/vendor/laravel/framework/src/Illuminate/Foundation/Console/RouteListCommand.php(89): Illuminate\\Foundation\\Console\\RouteListCommand->getRouteInformation()
#12 [internal function]: Illuminate\\Foundation\\Console\\RouteListCommand->Illuminate\\Foundation\\Console\\{closure}()
#13 /media/salah/Software/projects/veroo/vendor/laravel/framework/src/Illuminate/Support/Collection.php(638): array_map()
#14 /media/salah/Software/projects/veroo/vendor/laravel/framework/src/Illuminate/Foundation/Console/RouteListCommand.php(90): Illuminate\\Support\\Collection->map()
#15 /media/salah/Software/projects/veroo/vendor/laravel/framework/src/Illuminate/Foundation/Console/RouteListCommand.php(74): Illuminate\\Foundation\\Console\\RouteListCommand->getRoutes()
#16 /media/salah/Software/projects/veroo/vendor/laravel/framework/src/Illuminate/Container/BoundMethod.php(36): Illuminate\\Foundation\\Console\\RouteListCommand->handle()
#17 /media/salah/Software/projects/veroo/vendor/laravel/framework/src/Illuminate/Container/Util.php(37): Illuminate\\Container\\BoundMethod::Illuminate\\Container\\{closure}()
#18 /media/salah/Software/projects/veroo/vendor/laravel/framework/src/Illuminate/Container/BoundMethod.php(93): Illuminate\\Container\\Util::unwrapIfClosure()
#19 /media/salah/Software/projects/veroo/vendor/laravel/framework/src/Illuminate/Container/BoundMethod.php(37): Illuminate\\Container\\BoundMethod::callBoundMethod()
#20 /media/salah/Software/projects/veroo/vendor/laravel/framework/src/Illuminate/Container/Container.php(596): Illuminate\\Container\\BoundMethod::call()
#21 /media/salah/Software/projects/veroo/vendor/laravel/framework/src/Illuminate/Console/Command.php(134): Illuminate\\Container\\Container->call()
#22 /media/salah/Software/projects/veroo/vendor/symfony/console/Command/Command.php(298): Illuminate\\Console\\Command->execute()
#23 /media/salah/Software/projects/veroo/vendor/laravel/framework/src/Illuminate/Console/Command.php(121): Symfony\\Component\\Console\\Command\\Command->run()
#24 /media/salah/Software/projects/veroo/vendor/symfony/console/Application.php(1040): Illuminate\\Console\\Command->run()
#25 /media/salah/Software/projects/veroo/vendor/symfony/console/Application.php(301): Symfony\\Component\\Console\\Application->doRunCommand()
#26 /media/salah/Software/projects/veroo/vendor/symfony/console/Application.php(171): Symfony\\Component\\Console\\Application->doRun()
#27 /media/salah/Software/projects/veroo/vendor/laravel/framework/src/Illuminate/Console/Application.php(93): Symfony\\Component\\Console\\Application->run()
#28 /media/salah/Software/projects/veroo/vendor/laravel/framework/src/Illuminate/Foundation/Console/Kernel.php(129): Illuminate\\Console\\Application->run()
#29 /media/salah/Software/projects/veroo/artisan(37): Illuminate\\Foundation\\Console\\Kernel->handle()
#30 {main}
"} 
